// Jest Snapshot v1, https://goo.gl/fbAQLP

exports[`My first demo test 1`] = `
<div
  className="problem-browser"
>
  <button
    className="btn"
    onBlur={[Function]}
    onClick={[Function]}
    onKeyDown={[Function]}
    type="button"
  >
    Select a section or problem
  </button>
  <input
    disabled={true}
    name="problem-location"
    type="text"
  />
</div>
`;
